// Jest Snapshot v1, https://goo.gl/fbAQLP

exports[`<Reviews /> Should correctly render the review list 1`] = `
Array [
  <div
    className="card"
  >
    <div
      className="reviews-dropdown-stack hstack gap-2"
    >
      <div>
        Displaying
      </div>
      <b>
        1
         / 
        1
      </b>
      <div>
        reviews, sorted by:
      </div>
      <div
        className="dropdown"
      >
        <button
          aria-expanded={false}
          className="dropdown-toggle btn btn-outline-secondary"
          disabled={false}
          id="dropdown-basic-button"
          onClick={[Function]}
          type="button"
        >
          relevant
        </button>
      </div>
      <div
        className="ms-auto"
      >
        <div>
          <button
            className="open-modal btn btn-outline-secondary"
            disabled={false}
            onClick={[Function]}
            type="button"
          >
            Submit Review
          </button>
        </div>
      </div>
    </div>
    <div
      className="search-bar"
    >
      <form
        className=""
      >
        <div
          className="input-group"
        >
          <span
            className="input-group-text"
          >
            <i
              className="fas fa-search"
            />
          </span>
          <input
            className="form-control"
            onChange={[Function]}
            placeholder="Search reviews..."
            type="text"
            value=""
          />
        </div>
      </form>
    </div>
  </div>,
  <div
    className="reviews-list card"
  >
    <div
      className="card-body"
    >
      <div
        className="vstack gap-3"
      >
        <div
          className="card"
        >
          <div
            className="card-header"
          >
            <div
              className="hstack gap-3"
            >
              <span
                style={
                  Object {
                    "direction": "ltr",
                    "display": "inline-block",
                    "touchAction": "none",
                  }
                }
              >
                <span
                  aria-hidden="true"
                  className="react-simple-star-rating"
                  style={
                    Object {
                      "cursor": "",
                      "display": "inline-block",
                      "overflow": "hidden",
                      "position": "relative",
                      "userSelect": "none",
                      "verticalAlign": "middle",
                      "whiteSpace": "nowrap",
                    }
                  }
                >
                  <span
                    className="empty-icons"
                    style={
                      Object {
                        "color": "#cccccc",
                        "display": "inline-block",
                      }
                    }
                  >
                    <svg
                      className="star-svg"
                      fill="currentColor"
                      height={25}
                      style={Object {}}
                      viewBox="0 0 24 24"
                      width={25}
                    >
                      <path
                        d="M12,17.27L18.18,21l-1.64-7.03L22,9.24l-7.19-0.61L12,2L9.19,8.63L2,9.24l5.46,4.73L5.82,21L12,17.27z"
                        fill="currentColor"
                        stroke="none"
                        strokeMiterlimit="10"
                        strokeWidth={0}
                      />
                    </svg>
                    <svg
                      className="star-svg"
                      fill="currentColor"
                      height={25}
                      style={Object {}}
                      viewBox="0 0 24 24"
                      width={25}
                    >
                      <path
                        d="M12,17.27L18.18,21l-1.64-7.03L22,9.24l-7.19-0.61L12,2L9.19,8.63L2,9.24l5.46,4.73L5.82,21L12,17.27z"
                        fill="currentColor"
                        stroke="none"
                        strokeMiterlimit="10"
                        strokeWidth={0}
                      />
                    </svg>
                    <svg
                      className="star-svg"
                      fill="currentColor"
                      height={25}
                      style={Object {}}
                      viewBox="0 0 24 24"
                      width={25}
                    >
                      <path
                        d="M12,17.27L18.18,21l-1.64-7.03L22,9.24l-7.19-0.61L12,2L9.19,8.63L2,9.24l5.46,4.73L5.82,21L12,17.27z"
                        fill="currentColor"
                        stroke="none"
                        strokeMiterlimit="10"
                        strokeWidth={0}
                      />
                    </svg>
                    <svg
                      className="star-svg"
                      fill="currentColor"
                      height={25}
                      style={Object {}}
                      viewBox="0 0 24 24"
                      width={25}
                    >
                      <path
                        d="M12,17.27L18.18,21l-1.64-7.03L22,9.24l-7.19-0.61L12,2L9.19,8.63L2,9.24l5.46,4.73L5.82,21L12,17.27z"
                        fill="currentColor"
                        stroke="none"
                        strokeMiterlimit="10"
                        strokeWidth={0}
                      />
                    </svg>
                    <svg
                      className="star-svg"
                      fill="currentColor"
                      height={25}
                      style={Object {}}
                      viewBox="0 0 24 24"
                      width={25}
                    >
                      <path
                        d="M12,17.27L18.18,21l-1.64-7.03L22,9.24l-7.19-0.61L12,2L9.19,8.63L2,9.24l5.46,4.73L5.82,21L12,17.27z"
                        fill="currentColor"
                        stroke="none"
                        strokeMiterlimit="10"
                        strokeWidth={0}
                      />
                    </svg>
                  </span>
                  <span
                    className="filled-icons"
                    style={
                      Object {
                        "color": "#ffbc0b",
                        "display": "inline-block",
                        "left": 0,
                        "overflow": "hidden",
                        "position": "absolute",
                        "top": 0,
                        "transition": "",
                        "whiteSpace": "nowrap",
                        "width": "100%",
                      }
                    }
                    title="100 out of 5"
                  >
                    <svg
                      className="star-svg"
                      fill="currentColor"
                      height={25}
                      style={Object {}}
                      viewBox="0 0 24 24"
                      width={25}
                    >
                      <path
                        d="M12,17.27L18.18,21l-1.64-7.03L22,9.24l-7.19-0.61L12,2L9.19,8.63L2,9.24l5.46,4.73L5.82,21L12,17.27z"
                        fill="currentColor"
                        stroke="none"
                        strokeMiterlimit="10"
                        strokeWidth={0}
                      />
                    </svg>
                    <svg
                      className="star-svg"
                      fill="currentColor"
                      height={25}
                      style={Object {}}
                      viewBox="0 0 24 24"
                      width={25}
                    >
                      <path
                        d="M12,17.27L18.18,21l-1.64-7.03L22,9.24l-7.19-0.61L12,2L9.19,8.63L2,9.24l5.46,4.73L5.82,21L12,17.27z"
                        fill="currentColor"
                        stroke="none"
                        strokeMiterlimit="10"
                        strokeWidth={0}
                      />
                    </svg>
                    <svg
                      className="star-svg"
                      fill="currentColor"
                      height={25}
                      style={Object {}}
                      viewBox="0 0 24 24"
                      width={25}
                    >
                      <path
                        d="M12,17.27L18.18,21l-1.64-7.03L22,9.24l-7.19-0.61L12,2L9.19,8.63L2,9.24l5.46,4.73L5.82,21L12,17.27z"
                        fill="currentColor"
                        stroke="none"
                        strokeMiterlimit="10"
                        strokeWidth={0}
                      />
                    </svg>
                    <svg
                      className="star-svg"
                      fill="currentColor"
                      height={25}
                      style={Object {}}
                      viewBox="0 0 24 24"
                      width={25}
                    >
                      <path
                        d="M12,17.27L18.18,21l-1.64-7.03L22,9.24l-7.19-0.61L12,2L9.19,8.63L2,9.24l5.46,4.73L5.82,21L12,17.27z"
                        fill="currentColor"
                        stroke="none"
                        strokeMiterlimit="10"
                        strokeWidth={0}
                      />
                    </svg>
                    <svg
                      className="star-svg"
                      fill="currentColor"
                      height={25}
                      style={Object {}}
                      viewBox="0 0 24 24"
                      width={25}
                    >
                      <path
                        d="M12,17.27L18.18,21l-1.64-7.03L22,9.24l-7.19-0.61L12,2L9.19,8.63L2,9.24l5.46,4.73L5.82,21L12,17.27z"
                        fill="currentColor"
                        stroke="none"
                        strokeMiterlimit="10"
                        strokeWidth={0}
                      />
                    </svg>
                  </span>
                </span>
              </span>
              <div
                className="ms-auto"
              >
                BananaBoy123
              </div>
              <div
                className="review-tile-date"
              >
                November 9th, 2021
              </div>
            </div>
          </div>
          <div
            className="card-body"
          >
            <div
              className="card-title h5"
            />
            <p
              className="card-text"
            >
              Is this really the best purchase ever?
            </p>
            <div
              className="card"
            >
              <div
                className="card-body"
              >
                <p
                  className="card-text"
                >
                  Wow this product is amazing, 100/10 recommend. I own 1000 of these muahahaha. 
                </p>
                <div
                  className="row"
                />
              </div>
            </div>
            <div
              className="hstack gap-2"
            >
              <div>
                Was this review helpful?
              </div>
              <div
                className="review-helpful"
                onClick={[Function]}
              >
                Yes
              </div>
              <div>
                (
                6
                )
              </div>
              <div
                className="review-report"
                onClick={[Function]}
              >
                Report
              </div>
              <div
                className="ms-auto"
              >
                I recommend this product. ✔
              </div>
            </div>
          </div>
        </div>
        <button
          className="show-less btn btn-outline-secondary"
          disabled={false}
          onClick={[Function]}
          type="button"
        >
          Collapse
        </button>
      </div>
    </div>
  </div>,
]
`;
