// Jest Snapshot v1, https://goo.gl/fbAQLP

exports[`<Stars /> Should correctly render the star rating 1`] = `
Array [
  <div
    className="hstack gap-3"
  >
    <div
      className="average-review-header"
    >
      0.0
    </div>
    <span
      style={
        Object {
          "direction": "ltr",
          "display": "inline-block",
          "touchAction": "none",
        }
      }
    >
      <span
        aria-hidden="true"
        className="react-simple-star-rating"
        style={
          Object {
            "cursor": "",
            "display": "inline-block",
            "overflow": "hidden",
            "position": "relative",
            "userSelect": "none",
            "verticalAlign": "middle",
            "whiteSpace": "nowrap",
          }
        }
      >
        <span
          className="empty-icons"
          style={
            Object {
              "color": "#cccccc",
              "display": "inline-block",
            }
          }
        >
          <svg
            className="star-svg"
            fill="currentColor"
            height={35}
            style={Object {}}
            viewBox="0 0 24 24"
            width={35}
          >
            <path
              d="M12,17.27L18.18,21l-1.64-7.03L22,9.24l-7.19-0.61L12,2L9.19,8.63L2,9.24l5.46,4.73L5.82,21L12,17.27z"
              fill="currentColor"
              stroke="none"
              strokeMiterlimit="10"
              strokeWidth={0}
            />
          </svg>
          <svg
            className="star-svg"
            fill="currentColor"
            height={35}
            style={Object {}}
            viewBox="0 0 24 24"
            width={35}
          >
            <path
              d="M12,17.27L18.18,21l-1.64-7.03L22,9.24l-7.19-0.61L12,2L9.19,8.63L2,9.24l5.46,4.73L5.82,21L12,17.27z"
              fill="currentColor"
              stroke="none"
              strokeMiterlimit="10"
              strokeWidth={0}
            />
          </svg>
          <svg
            className="star-svg"
            fill="currentColor"
            height={35}
            style={Object {}}
            viewBox="0 0 24 24"
            width={35}
          >
            <path
              d="M12,17.27L18.18,21l-1.64-7.03L22,9.24l-7.19-0.61L12,2L9.19,8.63L2,9.24l5.46,4.73L5.82,21L12,17.27z"
              fill="currentColor"
              stroke="none"
              strokeMiterlimit="10"
              strokeWidth={0}
            />
          </svg>
          <svg
            className="star-svg"
            fill="currentColor"
            height={35}
            style={Object {}}
            viewBox="0 0 24 24"
            width={35}
          >
            <path
              d="M12,17.27L18.18,21l-1.64-7.03L22,9.24l-7.19-0.61L12,2L9.19,8.63L2,9.24l5.46,4.73L5.82,21L12,17.27z"
              fill="currentColor"
              stroke="none"
              strokeMiterlimit="10"
              strokeWidth={0}
            />
          </svg>
          <svg
            className="star-svg"
            fill="currentColor"
            height={35}
            style={Object {}}
            viewBox="0 0 24 24"
            width={35}
          >
            <path
              d="M12,17.27L18.18,21l-1.64-7.03L22,9.24l-7.19-0.61L12,2L9.19,8.63L2,9.24l5.46,4.73L5.82,21L12,17.27z"
              fill="currentColor"
              stroke="none"
              strokeMiterlimit="10"
              strokeWidth={0}
            />
          </svg>
        </span>
        <span
          className="filled-icons"
          style={
            Object {
              "color": "#ffbc0b",
              "display": "inline-block",
              "left": 0,
              "overflow": "hidden",
              "position": "absolute",
              "top": 0,
              "transition": "",
              "whiteSpace": "nowrap",
              "width": "0%",
            }
          }
          title="0 out of 5"
        >
          <svg
            className="star-svg"
            fill="currentColor"
            height={35}
            style={Object {}}
            viewBox="0 0 24 24"
            width={35}
          >
            <path
              d="M12,17.27L18.18,21l-1.64-7.03L22,9.24l-7.19-0.61L12,2L9.19,8.63L2,9.24l5.46,4.73L5.82,21L12,17.27z"
              fill="currentColor"
              stroke="none"
              strokeMiterlimit="10"
              strokeWidth={0}
            />
          </svg>
          <svg
            className="star-svg"
            fill="currentColor"
            height={35}
            style={Object {}}
            viewBox="0 0 24 24"
            width={35}
          >
            <path
              d="M12,17.27L18.18,21l-1.64-7.03L22,9.24l-7.19-0.61L12,2L9.19,8.63L2,9.24l5.46,4.73L5.82,21L12,17.27z"
              fill="currentColor"
              stroke="none"
              strokeMiterlimit="10"
              strokeWidth={0}
            />
          </svg>
          <svg
            className="star-svg"
            fill="currentColor"
            height={35}
            style={Object {}}
            viewBox="0 0 24 24"
            width={35}
          >
            <path
              d="M12,17.27L18.18,21l-1.64-7.03L22,9.24l-7.19-0.61L12,2L9.19,8.63L2,9.24l5.46,4.73L5.82,21L12,17.27z"
              fill="currentColor"
              stroke="none"
              strokeMiterlimit="10"
              strokeWidth={0}
            />
          </svg>
          <svg
            className="star-svg"
            fill="currentColor"
            height={35}
            style={Object {}}
            viewBox="0 0 24 24"
            width={35}
          >
            <path
              d="M12,17.27L18.18,21l-1.64-7.03L22,9.24l-7.19-0.61L12,2L9.19,8.63L2,9.24l5.46,4.73L5.82,21L12,17.27z"
              fill="currentColor"
              stroke="none"
              strokeMiterlimit="10"
              strokeWidth={0}
            />
          </svg>
          <svg
            className="star-svg"
            fill="currentColor"
            height={35}
            style={Object {}}
            viewBox="0 0 24 24"
            width={35}
          >
            <path
              d="M12,17.27L18.18,21l-1.64-7.03L22,9.24l-7.19-0.61L12,2L9.19,8.63L2,9.24l5.46,4.73L5.82,21L12,17.27z"
              fill="currentColor"
              stroke="none"
              strokeMiterlimit="10"
              strokeWidth={0}
            />
          </svg>
        </span>
      </span>
    </span>
  </div>,
  <h5
    className="total-ratings-header"
  >
     ratings
  </h5>,
]
`;
